[info] 34442 arquivo(s) na pasta, 31373 ainda não varrido(s).
[info] rodando com 3 thread(s). para em 55.0 min.
[progresso] 10/31373 nesta sessão (3079 no total) — estado salvo.
[progresso] 20/31373 nesta sessão (3089 no total) — estado salvo.
[progresso] 30/31373 nesta sessão (3099 no total) — estado salvo.
[progresso] 40/31373 nesta sessão (3109 no total) — estado salvo.
[progresso] 50/31373 nesta sessão (3119 no total) — estado salvo.
      [APROVADO] score=0.496 (imagem)
[progresso] 60/31373 nesta sessão (3129 no total) — estado salvo.
[progresso] 70/31373 nesta sessão (3139 no total) — estado salvo.
      [APROVADO] score=0.393 (imagem)
[progresso] 80/31373 nesta sessão (3149 no total) — estado salvo.
[progresso] 90/31373 nesta sessão (3159 no total) — estado salvo.
[progresso] 100/31373 nesta sessão (3169 no total) — estado salvo.
[progresso] 110/31373 nesta sessão (3179 no total) — estado salvo.
[progresso] 120/31373 nesta sessão (3189 no total) — estado salvo.
[progresso] 130/31373 nesta sessão (3199 no total) — estado salvo.
[progresso] 140/31373 nesta sessão (3209 no total) — estado salvo.
[progresso] 150/31373 nesta sessão (3219 no total) — estado salvo.
[progresso] 160/31373 nesta sessão (3229 no total) — estado salvo.
[progresso] 170/31373 nesta sessão (3239 no total) — estado salvo.
[progresso] 180/31373 nesta sessão (3249 no total) — estado salvo.
[progresso] 190/31373 nesta sessão (3259 no total) — estado salvo.
[progresso] 200/31373 nesta sessão (3269 no total) — estado salvo.
[progresso] 210/31373 nesta sessão (3279 no total) — estado salvo.
[progresso] 220/31373 nesta sessão (3289 no total) — estado salvo.
[progresso] 230/31373 nesta sessão (3299 no total) — estado salvo.
[progresso] 240/31373 nesta sessão (3309 no total) — estado salvo.
[progresso] 250/31373 nesta sessão (3319 no total) — estado salvo.
[progresso] 260/31373 nesta sessão (3329 no total) — estado salvo.
[progresso] 270/31373 nesta sessão (3339 no total) — estado salvo.
[progresso] 280/31373 nesta sessão (3349 no total) — estado salvo.
      [APROVADO] score=0.225 (imagem)
[progresso] 290/31373 nesta sessão (3359 no total) — estado salvo.
[progresso] 300/31373 nesta sessão (3369 no total) — estado salvo.
[progresso] 310/31373 nesta sessão (3379 no total) — estado salvo.
      [APROVADO] score=0.547 (imagem)
[progresso] 320/31373 nesta sessão (3389 no total) — estado salvo.
[progresso] 330/31373 nesta sessão (3399 no total) — estado salvo.
[progresso] 340/31373 nesta sessão (3409 no total) — estado salvo.
[progresso] 350/31373 nesta sessão (3419 no total) — estado salvo.
      [APROVADO] score=0.408 (imagem)
[progresso] 360/31373 nesta sessão (3429 no total) — estado salvo.
[progresso] 370/31373 nesta sessão (3439 no total) — estado salvo.
      [APROVADO] score=0.459 (video)
[progresso] 380/31373 nesta sessão (3449 no total) — estado salvo.
[progresso] 390/31373 nesta sessão (3459 no total) — estado salvo.
[progresso] 400/31373 nesta sessão (3469 no total) — estado salvo.
[progresso] 410/31373 nesta sessão (3479 no total) — estado salvo.
[progresso] 420/31373 nesta sessão (3489 no total) — estado salvo.
[progresso] 430/31373 nesta sessão (3499 no total) — estado salvo.
[progresso] 440/31373 nesta sessão (3509 no total) — estado salvo.
[progresso] 450/31373 nesta sessão (3519 no total) — estado salvo.
      [APROVADO] score=0.469 (imagem)
[progresso] 460/31373 nesta sessão (3529 no total) — estado salvo.
      [APROVADO] score=0.576 (imagem)
[progresso] 470/31373 nesta sessão (3539 no total) — estado salvo.
[progresso] 480/31373 nesta sessão (3549 no total) — estado salvo.
[progresso] 490/31373 nesta sessão (3559 no total) — estado salvo.
[progresso] 500/31373 nesta sessão (3569 no total) — estado salvo.
[progresso] 510/31373 nesta sessão (3579 no total) — estado salvo.
[progresso] 520/31373 nesta sessão (3589 no total) — estado salvo.
[progresso] 530/31373 nesta sessão (3599 no total) — estado salvo.
      [APROVADO] score=0.717 (imagem)
[progresso] 540/31373 nesta sessão (3609 no total) — estado salvo.
[progresso] 550/31373 nesta sessão (3619 no total) — estado salvo.
[progresso] 560/31373 nesta sessão (3629 no total) — estado salvo.
[progresso] 570/31373 nesta sessão (3639 no total) — estado salvo.
[progresso] 580/31373 nesta sessão (3649 no total) — estado salvo.
[progresso] 590/31373 nesta sessão (3659 no total) — estado salvo.
[progresso] 600/31373 nesta sessão (3669 no total) — estado salvo.
[progresso] 610/31373 nesta sessão (3679 no total) — estado salvo.
      [APROVADO] score=0.419 (video)
[progresso] 620/31373 nesta sessão (3689 no total) — estado salvo.
[progresso] 630/31373 nesta sessão (3699 no total) — estado salvo.
[progresso] 640/31373 nesta sessão (3709 no total) — estado salvo.
[progresso] 650/31373 nesta sessão (3719 no total) — estado salvo.
[progresso] 660/31373 nesta sessão (3729 no total) — estado salvo.
[progresso] 670/31373 nesta sessão (3739 no total) — estado salvo.
[progresso] 680/31373 nesta sessão (3749 no total) — estado salvo.
[progresso] 690/31373 nesta sessão (3759 no total) — estado salvo.
[progresso] 700/31373 nesta sessão (3769 no total) — estado salvo.
      [APROVADO] score=0.431 (video)
[progresso] 710/31373 nesta sessão (3779 no total) — estado salvo.
[progresso] 720/31373 nesta sessão (3789 no total) — estado salvo.

[ok] orçamento de 55.0 min esgotado — rode de novo pra continuar.
[resumo] 62 aprovado(s) no total (46 foto, 16 vídeo) de 34442 na pasta. Relatório em C:\Users\Ramón França\OneDrive\Desktop\Hana Social\Fotos da Hana\01 - brutas (suba aqui)\garimpo\RELATORIO.md
[info] 34461 arquivo(s) na pasta, 30664 ainda não varrido(s).
[info] rodando com 4 thread(s). para em 50.0 min.
[progresso] 10/30664 nesta sessão (3807 no total) — estado salvo.
[progresso] 20/30664 nesta sessão (3817 no total) — estado salvo.
[progresso] 30/30664 nesta sessão (3827 no total) — estado salvo.
      [APROVADO] score=0.609 (imagem)
[progresso] 40/30664 nesta sessão (3837 no total) — estado salvo.
Traceback (most recent call last):
  File "C:\Users\Ramón França\OneDrive\Desktop\Hana Social\studio\garimpo.py", line 639, in <module>
    sys.exit(main())
             ~~~~^^
  File "C:\Users\Ramón França\OneDrive\Desktop\Hana Social\studio\garimpo.py", line 608, in main
    salvar_estado_atomico(estado)
    ~~~~~~~~~~~~~~~~~~~~~^^^^^^^^
  File "C:\Users\Ramón França\OneDrive\Desktop\Hana Social\studio\garimpo.py", line 188, in salvar_estado_atomico
    os.replace(tmp, ESTADO_ARQ)
    ~~~~~~~~~~^^^^^^^^^^^^^^^^^
PermissionError: [WinError 32] O arquivo já está sendo usado por outro processo: 'C:\\Users\\Ramón França\\OneDrive\\Desktop\\Hana Social\\studio\\.garimpo_estado.json.tmp' -> 'C:\\Users\\Ramón França\\OneDrive\\Desktop\\Hana Social\\studio\\.garimpo_estado.json'
[info] 34461 arquivo(s) na pasta, 29798 ainda não varrido(s).
[info] rodando com 3 thread(s). para em 50.0 min.
      [APROVADO] score=0.556 (imagem)
[progresso] 10/29798 nesta sessão (4673 no total) — estado salvo.
[progresso] 20/29798 nesta sessão (4683 no total) — estado salvo.
[progresso] 30/29798 nesta sessão (4693 no total) — estado salvo.
[progresso] 40/29798 nesta sessão (4703 no total) — estado salvo.
[progresso] 50/29798 nesta sessão (4713 no total) — estado salvo.
[progresso] 60/29798 nesta sessão (4723 no total) — estado salvo.
[progresso] 70/29798 nesta sessão (4733 no total) — estado salvo.
[progresso] 80/29798 nesta sessão (4743 no total) — estado salvo.
[progresso] 90/29798 nesta sessão (4753 no total) — estado salvo.
[progresso] 100/29798 nesta sessão (4763 no total) — estado salvo.
      [APROVADO] score=0.603 (imagem)
[progresso] 110/29798 nesta sessão (4773 no total) — estado salvo.
[progresso] 120/29798 nesta sessão (4783 no total) — estado salvo.
[progresso] 130/29798 nesta sessão (4793 no total) — estado salvo.
[progresso] 140/29798 nesta sessão (4803 no total) — estado salvo.
      [APROVADO] score=0.402 (imagem)
[progresso] 150/29798 nesta sessão (4813 no total) — estado salvo.
[progresso] 160/29798 nesta sessão (4823 no total) — estado salvo.
[progresso] 170/29798 nesta sessão (4833 no total) — estado salvo.
[progresso] 180/29798 nesta sessão (4843 no total) — estado salvo.
      [APROVADO] score=0.728 (imagem)
[progresso] 190/29798 nesta sessão (4853 no total) — estado salvo.
[progresso] 200/29798 nesta sessão (4863 no total) — estado salvo.
[progresso] 210/29798 nesta sessão (4873 no total) — estado salvo.
[progresso] 220/29798 nesta sessão (4883 no total) — estado salvo.
[progresso] 230/29798 nesta sessão (4893 no total) — estado salvo.
[progresso] 240/29798 nesta sessão (4903 no total) — estado salvo.
[progresso] 250/29798 nesta sessão (4913 no total) — estado salvo.
[progresso] 260/29798 nesta sessão (4923 no total) — estado salvo.
[progresso] 270/29798 nesta sessão (4933 no total) — estado salvo.
[progresso] 280/29798 nesta sessão (4943 no total) — estado salvo.
[progresso] 290/29798 nesta sessão (4953 no total) — estado salvo.
[progresso] 300/29798 nesta sessão (4963 no total) — estado salvo.
[progresso] 310/29798 nesta sessão (4973 no total) — estado salvo.
[progresso] 320/29798 nesta sessão (4983 no total) — estado salvo.
      [APROVADO] score=0.560 (imagem)
[progresso] 330/29798 nesta sessão (4993 no total) — estado salvo.
[progresso] 340/29798 nesta sessão (5003 no total) — estado salvo.
[progresso] 350/29798 nesta sessão (5013 no total) — estado salvo.
[progresso] 360/29798 nesta sessão (5023 no total) — estado salvo.
[progresso] 370/29798 nesta sessão (5033 no total) — estado salvo.
[progresso] 380/29798 nesta sessão (5043 no total) — estado salvo.
[progresso] 390/29798 nesta sessão (5053 no total) — estado salvo.
[progresso] 400/29798 nesta sessão (5063 no total) — estado salvo.
[progresso] 410/29798 nesta sessão (5073 no total) — estado salvo.
[progresso] 420/29798 nesta sessão (5083 no total) — estado salvo.
[progresso] 430/29798 nesta sessão (5093 no total) — estado salvo.
[progresso] 440/29798 nesta sessão (5103 no total) — estado salvo.
[progresso] 450/29798 nesta sessão (5113 no total) — estado salvo.
[progresso] 460/29798 nesta sessão (5123 no total) — estado salvo.
[progresso] 470/29798 nesta sessão (5133 no total) — estado salvo.
[progresso] 480/29798 nesta sessão (5143 no total) — estado salvo.
[progresso] 490/29798 nesta sessão (5153 no total) — estado salvo.
[progresso] 500/29798 nesta sessão (5163 no total) — estado salvo.
[progresso] 510/29798 nesta sessão (5173 no total) — estado salvo.
      [APROVADO] score=0.830 (imagem)
[progresso] 520/29798 nesta sessão (5183 no total) — estado salvo.
[progresso] 530/29798 nesta sessão (5193 no total) — estado salvo.
[progresso] 540/29798 nesta sessão (5203 no total) — estado salvo.
      [APROVADO] score=0.742 (imagem)
[progresso] 550/29798 nesta sessão (5213 no total) — estado salvo.
[progresso] 560/29798 nesta sessão (5223 no total) — estado salvo.
[progresso] 570/29798 nesta sessão (5233 no total) — estado salvo.
[progresso] 580/29798 nesta sessão (5243 no total) — estado salvo.
[progresso] 590/29798 nesta sessão (5253 no total) — estado salvo.
[progresso] 600/29798 nesta sessão (5263 no total) — estado salvo.
[progresso] 610/29798 nesta sessão (5273 no total) — estado salvo.
[progresso] 620/29798 nesta sessão (5283 no total) — estado salvo.
      [APROVADO] score=0.752 (imagem)
[progresso] 630/29798 nesta sessão (5293 no total) — estado salvo.
[progresso] 640/29798 nesta sessão (5303 no total) — estado salvo.
      [APROVADO] score=0.490 (imagem)
[progresso] 650/29798 nesta sessão (5313 no total) — estado salvo.
[progresso] 660/29798 nesta sessão (5323 no total) — estado salvo.
[progresso] 670/29798 nesta sessão (5333 no total) — estado salvo.
      [APROVADO] score=0.643 (imagem)
[progresso] 680/29798 nesta sessão (5343 no total) — estado salvo.
[progresso] 690/29798 nesta sessão (5353 no total) — estado salvo.
[progresso] 700/29798 nesta sessão (5363 no total) — estado salvo.
      [APROVADO] score=0.501 (imagem)
[progresso] 710/29798 nesta sessão (5373 no total) — estado salvo.
[progresso] 720/29798 nesta sessão (5383 no total) — estado salvo.
[progresso] 730/29798 nesta sessão (5393 no total) — estado salvo.
[progresso] 740/29798 nesta sessão (5403 no total) — estado salvo.
      [APROVADO] score=0.498 (imagem)
[progresso] 750/29798 nesta sessão (5413 no total) — estado salvo.
[progresso] 760/29798 nesta sessão (5423 no total) — estado salvo.
[progresso] 770/29798 nesta sessão (5433 no total) — estado salvo.
      [APROVADO] score=0.508 (video)
[progresso] 780/29798 nesta sessão (5443 no total) — estado salvo.
[progresso] 790/29798 nesta sessão (5453 no total) — estado salvo.
[progresso] 800/29798 nesta sessão (5463 no total) — estado salvo.
      [APROVADO] score=0.541 (imagem)
[progresso] 810/29798 nesta sessão (5473 no total) — estado salvo.
[progresso] 820/29798 nesta sessão (5483 no total) — estado salvo.
[progresso] 830/29798 nesta sessão (5493 no total) — estado salvo.
[progresso] 840/29798 nesta sessão (5503 no total) — estado salvo.
[progresso] 850/29798 nesta sessão (5513 no total) — estado salvo.
[progresso] 860/29798 nesta sessão (5523 no total) — estado salvo.
[progresso] 870/29798 nesta sessão (5533 no total) — estado salvo.
[progresso] 880/29798 nesta sessão (5543 no total) — estado salvo.
[progresso] 890/29798 nesta sessão (5553 no total) — estado salvo.
[progresso] 900/29798 nesta sessão (5563 no total) — estado salvo.
[progresso] 910/29798 nesta sessão (5573 no total) — estado salvo.
      [APROVADO] score=0.534 (imagem)
[progresso] 920/29798 nesta sessão (5583 no total) — estado salvo.
[progresso] 930/29798 nesta sessão (5593 no total) — estado salvo.
[progresso] 940/29798 nesta sessão (5603 no total) — estado salvo.
[progresso] 950/29798 nesta sessão (5613 no total) — estado salvo.
[progresso] 960/29798 nesta sessão (5623 no total) — estado salvo.
[progresso] 970/29798 nesta sessão (5633 no total) — estado salvo.
[progresso] 980/29798 nesta sessão (5643 no total) — estado salvo.
[progresso] 990/29798 nesta sessão (5653 no total) — estado salvo.
[progresso] 1000/29798 nesta sessão (5663 no total) — estado salvo.
[progresso] 1010/29798 nesta sessão (5673 no total) — estado salvo.
[progresso] 1020/29798 nesta sessão (5683 no total) — estado salvo.
[progresso] 1030/29798 nesta sessão (5693 no total) — estado salvo.
[progresso] 1040/29798 nesta sessão (5703 no total) — estado salvo.
[progresso] 1050/29798 nesta sessão (5713 no total) — estado salvo.
[progresso] 1060/29798 nesta sessão (5723 no total) — estado salvo.
      [APROVADO] score=0.366 (imagem)
      [APROVADO] score=0.402 (video)
[progresso] 1070/29798 nesta sessão (5733 no total) — estado salvo.
[progresso] 1080/29798 nesta sessão (5743 no total) — estado salvo.
[progresso] 1090/29798 nesta sessão (5753 no total) — estado salvo.
[progresso] 1100/29798 nesta sessão (5763 no total) — estado salvo.
[progresso] 1110/29798 nesta sessão (5773 no total) — estado salvo.

[ok] orçamento de 50.0 min esgotado — rode de novo pra continuar.
[resumo] 90 aprovado(s) no total (71 foto, 19 vídeo) de 34462 na pasta. Relatório em C:\Users\Ramón França\OneDrive\Desktop\Hana Social\Fotos da Hana\01 - brutas (suba aqui)\garimpo\RELATORIO.md
[info] 34462 arquivo(s) na pasta, 28688 ainda não varrido(s).
[info] rodando com 3 thread(s). para em 50.0 min.
[progresso] 10/28688 nesta sessão (5784 no total) — estado salvo.
[progresso] 20/28688 nesta sessão (5794 no total) — estado salvo.
      [APROVADO] score=0.360 (imagem)
[progresso] 30/28688 nesta sessão (5804 no total) — estado salvo.
[progresso] 40/28688 nesta sessão (5814 no total) — estado salvo.
[progresso] 50/28688 nesta sessão (5824 no total) — estado salvo.
[progresso] 60/28688 nesta sessão (5834 no total) — estado salvo.
[progresso] 70/28688 nesta sessão (5844 no total) — estado salvo.
[progresso] 80/28688 nesta sessão (5854 no total) — estado salvo.
      [APROVADO] score=0.644 (imagem)
[progresso] 90/28688 nesta sessão (5864 no total) — estado salvo.
[progresso] 100/28688 nesta sessão (5874 no total) — estado salvo.
[progresso] 110/28688 nesta sessão (5884 no total) — estado salvo.
[progresso] 120/28688 nesta sessão (5894 no total) — estado salvo.
[progresso] 130/28688 nesta sessão (5904 no total) — estado salvo.
[progresso] 140/28688 nesta sessão (5914 no total) — estado salvo.
[progresso] 150/28688 nesta sessão (5924 no total) — estado salvo.
[progresso] 160/28688 nesta sessão (5934 no total) — estado salvo.
[progresso] 170/28688 nesta sessão (5944 no total) — estado salvo.
[progresso] 180/28688 nesta sessão (5954 no total) — estado salvo.
      [APROVADO] score=0.703 (imagem)
[progresso] 190/28688 nesta sessão (5964 no total) — estado salvo.
[progresso] 200/28688 nesta sessão (5974 no total) — estado salvo.
[progresso] 210/28688 nesta sessão (5984 no total) — estado salvo.
      [APROVADO] score=0.566 (video)
[progresso] 220/28688 nesta sessão (5994 no total) — estado salvo.
[progresso] 230/28688 nesta sessão (6004 no total) — estado salvo.
[progresso] 240/28688 nesta sessão (6014 no total) — estado salvo.
[progresso] 250/28688 nesta sessão (6024 no total) — estado salvo.
[progresso] 260/28688 nesta sessão (6034 no total) — estado salvo.
[progresso] 270/28688 nesta sessão (6044 no total) — estado salvo.
[progresso] 280/28688 nesta sessão (6054 no total) — estado salvo.
[progresso] 290/28688 nesta sessão (6064 no total) — estado salvo.
[progresso] 300/28688 nesta sessão (6074 no total) — estado salvo.
      [APROVADO] score=0.571 (video)
[progresso] 310/28688 nesta sessão (6084 no total) — estado salvo.
[progresso] 320/28688 nesta sessão (6094 no total) — estado salvo.
[progresso] 330/28688 nesta sessão (6104 no total) — estado salvo.
[progresso] 340/28688 nesta sessão (6114 no total) — estado salvo.
[progresso] 350/28688 nesta sessão (6124 no total) — estado salvo.
      [APROVADO] score=0.526 (imagem)
[progresso] 360/28688 nesta sessão (6134 no total) — estado salvo.
[progresso] 370/28688 nesta sessão (6144 no total) — estado salvo.
[progresso] 380/28688 nesta sessão (6154 no total) — estado salvo.
[progresso] 390/28688 nesta sessão (6164 no total) — estado salvo.
[progresso] 400/28688 nesta sessão (6174 no total) — estado salvo.
[progresso] 410/28688 nesta sessão (6184 no total) — estado salvo.
[progresso] 420/28688 nesta sessão (6194 no total) — estado salvo.
[progresso] 430/28688 nesta sessão (6204 no total) — estado salvo.
[progresso] 440/28688 nesta sessão (6214 no total) — estado salvo.
      [APROVADO] score=0.520 (imagem)
[progresso] 450/28688 nesta sessão (6224 no total) — estado salvo.
[progresso] 460/28688 nesta sessão (6234 no total) — estado salvo.
      [APROVADO] score=0.361 (imagem)
[progresso] 470/28688 nesta sessão (6244 no total) — estado salvo.
[progresso] 480/28688 nesta sessão (6254 no total) — estado salvo.
[progresso] 490/28688 nesta sessão (6264 no total) — estado salvo.
[progresso] 500/28688 nesta sessão (6274 no total) — estado salvo.
[progresso] 510/28688 nesta sessão (6284 no total) — estado salvo.
[progresso] 520/28688 nesta sessão (6294 no total) — estado salvo.
[progresso] 530/28688 nesta sessão (6304 no total) — estado salvo.
      [APROVADO] score=0.659 (video)
[progresso] 540/28688 nesta sessão (6314 no total) — estado salvo.
[progresso] 550/28688 nesta sessão (6324 no total) — estado salvo.
[progresso] 560/28688 nesta sessão (6334 no total) — estado salvo.
      [APROVADO] score=0.571 (imagem)
[progresso] 570/28688 nesta sessão (6344 no total) — estado salvo.
[progresso] 580/28688 nesta sessão (6354 no total) — estado salvo.
[progresso] 590/28688 nesta sessão (6364 no total) — estado salvo.
[progresso] 600/28688 nesta sessão (6374 no total) — estado salvo.
[progresso] 610/28688 nesta sessão (6384 no total) — estado salvo.
[progresso] 620/28688 nesta sessão (6394 no total) — estado salvo.
[progresso] 630/28688 nesta sessão (6404 no total) — estado salvo.
[progresso] 640/28688 nesta sessão (6414 no total) — estado salvo.
      [APROVADO] score=0.438 (video)
[progresso] 650/28688 nesta sessão (6424 no total) — estado salvo.
[progresso] 660/28688 nesta sessão (6434 no total) — estado salvo.
[progresso] 670/28688 nesta sessão (6444 no total) — estado salvo.
[progresso] 680/28688 nesta sessão (6454 no total) — estado salvo.
[progresso] 690/28688 nesta sessão (6464 no total) — estado salvo.
[progresso] 700/28688 nesta sessão (6474 no total) — estado salvo.
[progresso] 710/28688 nesta sessão (6484 no total) — estado salvo.
[progresso] 720/28688 nesta sessão (6494 no total) — estado salvo.
[progresso] 730/28688 nesta sessão (6504 no total) — estado salvo.
[progresso] 740/28688 nesta sessão (6514 no total) — estado salvo.
[progresso] 750/28688 nesta sessão (6524 no total) — estado salvo.
[progresso] 760/28688 nesta sessão (6534 no total) — estado salvo.
[progresso] 770/28688 nesta sessão (6544 no total) — estado salvo.
[progresso] 780/28688 nesta sessão (6554 no total) — estado salvo.
[progresso] 790/28688 nesta sessão (6564 no total) — estado salvo.
[progresso] 800/28688 nesta sessão (6574 no total) — estado salvo.
[progresso] 810/28688 nesta sessão (6584 no total) — estado salvo.
[progresso] 820/28688 nesta sessão (6594 no total) — estado salvo.
[progresso] 830/28688 nesta sessão (6604 no total) — estado salvo.
[progresso] 840/28688 nesta sessão (6614 no total) — estado salvo.
      [APROVADO] score=0.645 (imagem)
      [APROVADO] score=0.645 (imagem)
[progresso] 850/28688 nesta sessão (6624 no total) — estado salvo.
[progresso] 860/28688 nesta sessão (6634 no total) — estado salvo.
[progresso] 870/28688 nesta sessão (6644 no total) — estado salvo.
[progresso] 880/28688 nesta sessão (6654 no total) — estado salvo.
[progresso] 890/28688 nesta sessão (6664 no total) — estado salvo.
      [APROVADO] score=0.333 (imagem)
[progresso] 900/28688 nesta sessão (6674 no total) — estado salvo.
[progresso] 910/28688 nesta sessão (6684 no total) — estado salvo.
[progresso] 920/28688 nesta sessão (6694 no total) — estado salvo.
[progresso] 930/28688 nesta sessão (6704 no total) — estado salvo.
[progresso] 940/28688 nesta sessão (6714 no total) — estado salvo.
[progresso] 950/28688 nesta sessão (6724 no total) — estado salvo.
[progresso] 960/28688 nesta sessão (6734 no total) — estado salvo.
      [APROVADO] score=0.476 (imagem)
[progresso] 970/28688 nesta sessão (6744 no total) — estado salvo.
[progresso] 980/28688 nesta sessão (6754 no total) — estado salvo.
      [APROVADO] score=0.721 (imagem)
[progresso] 990/28688 nesta sessão (6764 no total) — estado salvo.
[progresso] 1000/28688 nesta sessão (6774 no total) — estado salvo.
[progresso] 1010/28688 nesta sessão (6784 no total) — estado salvo.
[progresso] 1020/28688 nesta sessão (6794 no total) — estado salvo.
[progresso] 1030/28688 nesta sessão (6804 no total) — estado salvo.
[progresso] 1040/28688 nesta sessão (6814 no total) — estado salvo.
[progresso] 1050/28688 nesta sessão (6824 no total) — estado salvo.
[progresso] 1060/28688 nesta sessão (6834 no total) — estado salvo.
[progresso] 1070/28688 nesta sessão (6844 no total) — estado salvo.
[progresso] 1080/28688 nesta sessão (6854 no total) — estado salvo.
[progresso] 1090/28688 nesta sessão (6864 no total) — estado salvo.
[progresso] 1100/28688 nesta sessão (6874 no total) — estado salvo.
[progresso] 1110/28688 nesta sessão (6884 no total) — estado salvo.
[progresso] 1120/28688 nesta sessão (6894 no total) — estado salvo.
[progresso] 1130/28688 nesta sessão (6904 no total) — estado salvo.
[progresso] 1140/28688 nesta sessão (6914 no total) — estado salvo.
[progresso] 1150/28688 nesta sessão (6924 no total) — estado salvo.
[progresso] 1160/28688 nesta sessão (6934 no total) — estado salvo.
[progresso] 1170/28688 nesta sessão (6944 no total) — estado salvo.

[ok] orçamento de 50.0 min esgotado — rode de novo pra continuar.
[resumo] 106 aprovado(s) no total (83 foto, 23 vídeo) de 34462 na pasta. Relatório em C:\Users\Ramón França\OneDrive\Desktop\Hana Social\Fotos da Hana\01 - brutas (suba aqui)\garimpo\RELATORIO.md
[info] 34468 arquivo(s) na pasta, 27522 ainda não varrido(s).
[info] rodando com 3 thread(s). para em 40.0 min.
      [APROVADO] score=0.500 (imagem)
[progresso] 10/27522 nesta sessão (6956 no total) — estado salvo.
[progresso] 20/27522 nesta sessão (6966 no total) — estado salvo.
      [APROVADO] score=0.508 (imagem)
[progresso] 30/27522 nesta sessão (6976 no total) — estado salvo.
[progresso] 40/27522 nesta sessão (6986 no total) — estado salvo.
[progresso] 50/27522 nesta sessão (6996 no total) — estado salvo.
[progresso] 60/27522 nesta sessão (7006 no total) — estado salvo.
[progresso] 70/27522 nesta sessão (7016 no total) — estado salvo.
[progresso] 80/27522 nesta sessão (7026 no total) — estado salvo.
[progresso] 90/27522 nesta sessão (7036 no total) — estado salvo.
[progresso] 100/27522 nesta sessão (7046 no total) — estado salvo.
[progresso] 110/27522 nesta sessão (7056 no total) — estado salvo.
[progresso] 120/27522 nesta sessão (7066 no total) — estado salvo.
[progresso] 130/27522 nesta sessão (7076 no total) — estado salvo.
[progresso] 140/27522 nesta sessão (7086 no total) — estado salvo.
[progresso] 150/27522 nesta sessão (7096 no total) — estado salvo.
      [APROVADO] score=0.571 (imagem)
[progresso] 160/27522 nesta sessão (7106 no total) — estado salvo.
[progresso] 170/27522 nesta sessão (7116 no total) — estado salvo.
[progresso] 180/27522 nesta sessão (7126 no total) — estado salvo.
[progresso] 190/27522 nesta sessão (7136 no total) — estado salvo.
[progresso] 200/27522 nesta sessão (7146 no total) — estado salvo.
[progresso] 210/27522 nesta sessão (7156 no total) — estado salvo.
[progresso] 220/27522 nesta sessão (7166 no total) — estado salvo.
[progresso] 230/27522 nesta sessão (7176 no total) — estado salvo.
[progresso] 240/27522 nesta sessão (7186 no total) — estado salvo.
[progresso] 250/27522 nesta sessão (7196 no total) — estado salvo.
[progresso] 260/27522 nesta sessão (7206 no total) — estado salvo.
      [APROVADO] score=0.468 (video)
[progresso] 270/27522 nesta sessão (7216 no total) — estado salvo.
[progresso] 280/27522 nesta sessão (7226 no total) — estado salvo.
      [APROVADO] score=0.647 (video)
[progresso] 290/27522 nesta sessão (7236 no total) — estado salvo.
[progresso] 300/27522 nesta sessão (7246 no total) — estado salvo.
[progresso] 310/27522 nesta sessão (7256 no total) — estado salvo.
[progresso] 320/27522 nesta sessão (7266 no total) — estado salvo.
[progresso] 330/27522 nesta sessão (7276 no total) — estado salvo.
[progresso] 340/27522 nesta sessão (7286 no total) — estado salvo.
      [APROVADO] score=0.696 (video)
[progresso] 350/27522 nesta sessão (7296 no total) — estado salvo.
[progresso] 360/27522 nesta sessão (7306 no total) — estado salvo.
[progresso] 370/27522 nesta sessão (7316 no total) — estado salvo.
[progresso] 380/27522 nesta sessão (7326 no total) — estado salvo.
[progresso] 390/27522 nesta sessão (7336 no total) — estado salvo.
      [APROVADO] score=0.641 (imagem)
[progresso] 400/27522 nesta sessão (7346 no total) — estado salvo.
      [APROVADO] score=0.506 (imagem)
[progresso] 410/27522 nesta sessão (7356 no total) — estado salvo.
[progresso] 420/27522 nesta sessão (7366 no total) — estado salvo.
[progresso] 430/27522 nesta sessão (7376 no total) — estado salvo.
[progresso] 440/27522 nesta sessão (7386 no total) — estado salvo.
[progresso] 450/27522 nesta sessão (7396 no total) — estado salvo.
      [APROVADO] score=0.658 (video)
[progresso] 460/27522 nesta sessão (7406 no total) — estado salvo.
[progresso] 470/27522 nesta sessão (7416 no total) — estado salvo.
[progresso] 480/27522 nesta sessão (7426 no total) — estado salvo.
[progresso] 490/27522 nesta sessão (7436 no total) — estado salvo.
[progresso] 500/27522 nesta sessão (7446 no total) — estado salvo.
      [APROVADO] score=0.578 (imagem)
[progresso] 510/27522 nesta sessão (7456 no total) — estado salvo.
[progresso] 520/27522 nesta sessão (7466 no total) — estado salvo.
[progresso] 530/27522 nesta sessão (7476 no total) — estado salvo.
[progresso] 540/27522 nesta sessão (7486 no total) — estado salvo.
[progresso] 550/27522 nesta sessão (7496 no total) — estado salvo.
[progresso] 560/27522 nesta sessão (7506 no total) — estado salvo.
[progresso] 570/27522 nesta sessão (7516 no total) — estado salvo.
[progresso] 580/27522 nesta sessão (7526 no total) — estado salvo.
[progresso] 590/27522 nesta sessão (7536 no total) — estado salvo.
[progresso] 600/27522 nesta sessão (7546 no total) — estado salvo.
[progresso] 610/27522 nesta sessão (7556 no total) — estado salvo.
      [APROVADO] score=0.586 (imagem)
[progresso] 620/27522 nesta sessão (7566 no total) — estado salvo.
[progresso] 630/27522 nesta sessão (7576 no total) — estado salvo.
[progresso] 640/27522 nesta sessão (7586 no total) — estado salvo.
      [APROVADO] score=0.549 (imagem)
[progresso] 650/27522 nesta sessão (7596 no total) — estado salvo.
[progresso] 660/27522 nesta sessão (7606 no total) — estado salvo.
[progresso] 670/27522 nesta sessão (7616 no total) — estado salvo.
[progresso] 680/27522 nesta sessão (7626 no total) — estado salvo.
[progresso] 690/27522 nesta sessão (7636 no total) — estado salvo.
[progresso] 700/27522 nesta sessão (7646 no total) — estado salvo.
[progresso] 710/27522 nesta sessão (7656 no total) — estado salvo.
[progresso] 720/27522 nesta sessão (7666 no total) — estado salvo.
[progresso] 730/27522 nesta sessão (7676 no total) — estado salvo.
[progresso] 740/27522 nesta sessão (7686 no total) — estado salvo.
[progresso] 750/27522 nesta sessão (7696 no total) — estado salvo.
[progresso] 760/27522 nesta sessão (7706 no total) — estado salvo.
[progresso] 770/27522 nesta sessão (7716 no total) — estado salvo.
      [APROVADO] score=0.577 (video)
[progresso] 780/27522 nesta sessão (7726 no total) — estado salvo.
[progresso] 790/27522 nesta sessão (7736 no total) — estado salvo.

[ok] orçamento de 40.0 min esgotado — rode de novo pra continuar.
[resumo] 119 aprovado(s) no total (91 foto, 28 vídeo) de 34468 na pasta. Relatório em C:\Users\Ramón França\OneDrive\Desktop\Hana Social\Fotos da Hana\01 - brutas (suba aqui)\garimpo\RELATORIO.md
[info] 34479 arquivo(s) na pasta, 26736 ainda não varrido(s).
[info] rodando com 3 thread(s). para em 40.0 min.
[progresso] 10/26736 nesta sessão (7753 no total) — estado salvo.
[progresso] 20/26736 nesta sessão (7763 no total) — estado salvo.
[progresso] 30/26736 nesta sessão (7773 no total) — estado salvo.
      [APROVADO] score=0.529 (imagem)
[progresso] 40/26736 nesta sessão (7783 no total) — estado salvo.
[progresso] 50/26736 nesta sessão (7793 no total) — estado salvo.
[progresso] 60/26736 nesta sessão (7803 no total) — estado salvo.
[progresso] 70/26736 nesta sessão (7813 no total) — estado salvo.
[progresso] 80/26736 nesta sessão (7823 no total) — estado salvo.
[progresso] 90/26736 nesta sessão (7833 no total) — estado salvo.
[progresso] 100/26736 nesta sessão (7843 no total) — estado salvo.
[progresso] 110/26736 nesta sessão (7853 no total) — estado salvo.
[progresso] 120/26736 nesta sessão (7863 no total) — estado salvo.
[progresso] 130/26736 nesta sessão (7873 no total) — estado salvo.
      [APROVADO] score=0.669 (video)
[progresso] 140/26736 nesta sessão (7883 no total) — estado salvo.
[progresso] 150/26736 nesta sessão (7893 no total) — estado salvo.
[progresso] 160/26736 nesta sessão (7903 no total) — estado salvo.
[progresso] 170/26736 nesta sessão (7913 no total) — estado salvo.
[progresso] 180/26736 nesta sessão (7923 no total) — estado salvo.
[progresso] 190/26736 nesta sessão (7933 no total) — estado salvo.
[progresso] 200/26736 nesta sessão (7943 no total) — estado salvo.
[progresso] 210/26736 nesta sessão (7953 no total) — estado salvo.
[progresso] 220/26736 nesta sessão (7963 no total) — estado salvo.
[progresso] 230/26736 nesta sessão (7973 no total) — estado salvo.
[progresso] 240/26736 nesta sessão (7983 no total) — estado salvo.
[progresso] 250/26736 nesta sessão (7993 no total) — estado salvo.
[progresso] 260/26736 nesta sessão (8003 no total) — estado salvo.
[progresso] 270/26736 nesta sessão (8013 no total) — estado salvo.
      [APROVADO] score=0.402 (imagem)
[progresso] 280/26736 nesta sessão (8023 no total) — estado salvo.
[progresso] 290/26736 nesta sessão (8033 no total) — estado salvo.
[progresso] 300/26736 nesta sessão (8043 no total) — estado salvo.
[progresso] 310/26736 nesta sessão (8053 no total) — estado salvo.
WARNING NMS time limit 2.050s exceeded
[progresso] 320/26736 nesta sessão (8063 no total) — estado salvo.
[progresso] 330/26736 nesta sessão (8073 no total) — estado salvo.
[progresso] 340/26736 nesta sessão (8083 no total) — estado salvo.
      [APROVADO] score=0.693 (video)
[progresso] 350/26736 nesta sessão (8093 no total) — estado salvo.
[progresso] 360/26736 nesta sessão (8103 no total) — estado salvo.
[progresso] 370/26736 nesta sessão (8113 no total) — estado salvo.
[progresso] 380/26736 nesta sessão (8123 no total) — estado salvo.
[progresso] 390/26736 nesta sessão (8133 no total) — estado salvo.
[progresso] 400/26736 nesta sessão (8143 no total) — estado salvo.
[progresso] 410/26736 nesta sessão (8153 no total) — estado salvo.
      [APROVADO] score=0.616 (imagem)
[progresso] 420/26736 nesta sessão (8163 no total) — estado salvo.
[progresso] 430/26736 nesta sessão (8173 no total) — estado salvo.
[progresso] 440/26736 nesta sessão (8183 no total) — estado salvo.
[progresso] 450/26736 nesta sessão (8193 no total) — estado salvo.
[progresso] 460/26736 nesta sessão (8203 no total) — estado salvo.
[progresso] 470/26736 nesta sessão (8213 no total) — estado salvo.
[progresso] 480/26736 nesta sessão (8223 no total) — estado salvo.
[progresso] 490/26736 nesta sessão (8233 no total) — estado salvo.
[progresso] 500/26736 nesta sessão (8243 no total) — estado salvo.
      [APROVADO] score=0.652 (imagem)
      [APROVADO] score=0.377 (video)
[progresso] 510/26736 nesta sessão (8253 no total) — estado salvo.
[progresso] 520/26736 nesta sessão (8263 no total) — estado salvo.
[progresso] 530/26736 nesta sessão (8273 no total) — estado salvo.
[progresso] 540/26736 nesta sessão (8283 no total) — estado salvo.
[progresso] 550/26736 nesta sessão (8293 no total) — estado salvo.
[progresso] 560/26736 nesta sessão (8303 no total) — estado salvo.
[progresso] 570/26736 nesta sessão (8313 no total) — estado salvo.
[progresso] 580/26736 nesta sessão (8323 no total) — estado salvo.
[progresso] 590/26736 nesta sessão (8333 no total) — estado salvo.
[progresso] 600/26736 nesta sessão (8343 no total) — estado salvo.
      [APROVADO] score=0.507 (imagem)
      [APROVADO] score=0.507 (imagem)
[progresso] 610/26736 nesta sessão (8353 no total) — estado salvo.
[progresso] 620/26736 nesta sessão (8363 no total) — estado salvo.
[progresso] 630/26736 nesta sessão (8373 no total) — estado salvo.
[progresso] 640/26736 nesta sessão (8383 no total) — estado salvo.
[progresso] 650/26736 nesta sessão (8393 no total) — estado salvo.
      [APROVADO] score=0.390 (imagem)
[progresso] 660/26736 nesta sessão (8403 no total) — estado salvo.
[progresso] 670/26736 nesta sessão (8413 no total) — estado salvo.
[progresso] 680/26736 nesta sessão (8423 no total) — estado salvo.
[progresso] 690/26736 nesta sessão (8433 no total) — estado salvo.
[progresso] 700/26736 nesta sessão (8443 no total) — estado salvo.
[progresso] 710/26736 nesta sessão (8453 no total) — estado salvo.
[progresso] 720/26736 nesta sessão (8463 no total) — estado salvo.
[progresso] 730/26736 nesta sessão (8473 no total) — estado salvo.
[progresso] 740/26736 nesta sessão (8483 no total) — estado salvo.
[progresso] 750/26736 nesta sessão (8493 no total) — estado salvo.
[progresso] 760/26736 nesta sessão (8503 no total) — estado salvo.
[progresso] 770/26736 nesta sessão (8513 no total) — estado salvo.
[progresso] 780/26736 nesta sessão (8523 no total) — estado salvo.
[progresso] 790/26736 nesta sessão (8533 no total) — estado salvo.
[progresso] 800/26736 nesta sessão (8543 no total) — estado salvo.

[ok] orçamento de 40.0 min esgotado — rode de novo pra continuar.
[resumo] 129 aprovado(s) no total (98 foto, 31 vídeo) de 34479 na pasta. Relatório em C:\Users\Ramón França\OneDrive\Desktop\Hana Social\Fotos da Hana\01 - brutas (suba aqui)\garimpo\RELATORIO.md
[info] 34489 arquivo(s) na pasta, 25939 ainda não varrido(s).
[info] rodando com 3 thread(s). para em 40.0 min.
[progresso] 10/25939 nesta sessão (8560 no total) — estado salvo.
[progresso] 20/25939 nesta sessão (8570 no total) — estado salvo.
[progresso] 30/25939 nesta sessão (8580 no total) — estado salvo.
      [APROVADO] score=0.480 (imagem)
[progresso] 40/25939 nesta sessão (8590 no total) — estado salvo.
[progresso] 50/25939 nesta sessão (8600 no total) — estado salvo.
[progresso] 60/25939 nesta sessão (8610 no total) — estado salvo.
[progresso] 70/25939 nesta sessão (8620 no total) — estado salvo.
[progresso] 80/25939 nesta sessão (8630 no total) — estado salvo.
[progresso] 90/25939 nesta sessão (8640 no total) — estado salvo.
      [APROVADO] score=0.497 (imagem)
[progresso] 100/25939 nesta sessão (8650 no total) — estado salvo.
      [APROVADO] score=0.348 (imagem)
[progresso] 110/25939 nesta sessão (8660 no total) — estado salvo.
[progresso] 120/25939 nesta sessão (8670 no total) — estado salvo.
[progresso] 130/25939 nesta sessão (8680 no total) — estado salvo.
[progresso] 140/25939 nesta sessão (8690 no total) — estado salvo.
[progresso] 150/25939 nesta sessão (8700 no total) — estado salvo.
[progresso] 160/25939 nesta sessão (8710 no total) — estado salvo.
[progresso] 170/25939 nesta sessão (8720 no total) — estado salvo.
[progresso] 180/25939 nesta sessão (8730 no total) — estado salvo.
[progresso] 190/25939 nesta sessão (8740 no total) — estado salvo.
[progresso] 200/25939 nesta sessão (8750 no total) — estado salvo.
      [APROVADO] score=0.537 (imagem)
[progresso] 210/25939 nesta sessão (8760 no total) — estado salvo.
      [APROVADO] score=0.490 (imagem)
[progresso] 220/25939 nesta sessão (8770 no total) — estado salvo.
[progresso] 230/25939 nesta sessão (8780 no total) — estado salvo.
      [APROVADO] score=0.462 (imagem)
[progresso] 240/25939 nesta sessão (8790 no total) — estado salvo.
[progresso] 250/25939 nesta sessão (8800 no total) — estado salvo.
[progresso] 260/25939 nesta sessão (8810 no total) — estado salvo.
[progresso] 270/25939 nesta sessão (8820 no total) — estado salvo.
[progresso] 280/25939 nesta sessão (8830 no total) — estado salvo.
[progresso] 290/25939 nesta sessão (8840 no total) — estado salvo.
[progresso] 300/25939 nesta sessão (8850 no total) — estado salvo.
[progresso] 310/25939 nesta sessão (8860 no total) — estado salvo.
[progresso] 320/25939 nesta sessão (8870 no total) — estado salvo.
      [APROVADO] score=0.625 (imagem)
[progresso] 330/25939 nesta sessão (8880 no total) — estado salvo.
[progresso] 340/25939 nesta sessão (8890 no total) — estado salvo.
      [APROVADO] score=0.712 (imagem)
[progresso] 350/25939 nesta sessão (8900 no total) — estado salvo.
[progresso] 360/25939 nesta sessão (8910 no total) — estado salvo.
[progresso] 370/25939 nesta sessão (8920 no total) — estado salvo.
[progresso] 380/25939 nesta sessão (8930 no total) — estado salvo.
[progresso] 390/25939 nesta sessão (8940 no total) — estado salvo.
[progresso] 400/25939 nesta sessão (8950 no total) — estado salvo.
[progresso] 410/25939 nesta sessão (8960 no total) — estado salvo.
[progresso] 420/25939 nesta sessão (8970 no total) — estado salvo.
[progresso] 430/25939 nesta sessão (8980 no total) — estado salvo.
[progresso] 440/25939 nesta sessão (8990 no total) — estado salvo.
[progresso] 450/25939 nesta sessão (9000 no total) — estado salvo.
[progresso] 460/25939 nesta sessão (9010 no total) — estado salvo.
      [APROVADO] score=0.688 (imagem)
[progresso] 470/25939 nesta sessão (9020 no total) — estado salvo.
[progresso] 480/25939 nesta sessão (9030 no total) — estado salvo.
[progresso] 490/25939 nesta sessão (9040 no total) — estado salvo.
[progresso] 500/25939 nesta sessão (9050 no total) — estado salvo.
[progresso] 510/25939 nesta sessão (9060 no total) — estado salvo.
[progresso] 520/25939 nesta sessão (9070 no total) — estado salvo.
[progresso] 530/25939 nesta sessão (9080 no total) — estado salvo.
[progresso] 540/25939 nesta sessão (9090 no total) — estado salvo.
[progresso] 550/25939 nesta sessão (9100 no total) — estado salvo.
[progresso] 560/25939 nesta sessão (9110 no total) — estado salvo.
[progresso] 570/25939 nesta sessão (9120 no total) — estado salvo.
[progresso] 580/25939 nesta sessão (9130 no total) — estado salvo.
[progresso] 590/25939 nesta sessão (9140 no total) — estado salvo.
[progresso] 600/25939 nesta sessão (9150 no total) — estado salvo.
[progresso] 610/25939 nesta sessão (9160 no total) — estado salvo.
      [APROVADO] score=0.762 (imagem)
[progresso] 620/25939 nesta sessão (9170 no total) — estado salvo.
      [APROVADO] score=0.519 (imagem)
[progresso] 630/25939 nesta sessão (9180 no total) — estado salvo.
[progresso] 640/25939 nesta sessão (9190 no total) — estado salvo.
[progresso] 650/25939 nesta sessão (9200 no total) — estado salvo.
      [APROVADO] score=0.609 (imagem)
[progresso] 660/25939 nesta sessão (9210 no total) — estado salvo.
[progresso] 670/25939 nesta sessão (9220 no total) — estado salvo.
[progresso] 680/25939 nesta sessão (9230 no total) — estado salvo.
[progresso] 690/25939 nesta sessão (9240 no total) — estado salvo.
[progresso] 700/25939 nesta sessão (9250 no total) — estado salvo.
[progresso] 710/25939 nesta sessão (9260 no total) — estado salvo.
[progresso] 720/25939 nesta sessão (9270 no total) — estado salvo.
[progresso] 730/25939 nesta sessão (9280 no total) — estado salvo.
[progresso] 740/25939 nesta sessão (9290 no total) — estado salvo.
[progresso] 750/25939 nesta sessão (9300 no total) — estado salvo.
[progresso] 760/25939 nesta sessão (9310 no total) — estado salvo.
[progresso] 770/25939 nesta sessão (9320 no total) — estado salvo.
[progresso] 780/25939 nesta sessão (9330 no total) — estado salvo.
WARNING NMS time limit 2.050s exceeded
      [APROVADO] score=0.566 (video)
[progresso] 790/25939 nesta sessão (9340 no total) — estado salvo.
[progresso] 800/25939 nesta sessão (9350 no total) — estado salvo.
[progresso] 810/25939 nesta sessão (9360 no total) — estado salvo.
[progresso] 820/25939 nesta sessão (9370 no total) — estado salvo.
[progresso] 830/25939 nesta sessão (9380 no total) — estado salvo.

[ok] orçamento de 40.0 min esgotado — rode de novo pra continuar.
[resumo] 142 aprovado(s) no total (110 foto, 32 vídeo) de 34489 na pasta. Relatório em C:\Users\Ramón França\OneDrive\Desktop\Hana Social\Fotos da Hana\01 - brutas (suba aqui)\garimpo\RELATORIO.md
[info] 34491 arquivo(s) na pasta, 25110 ainda não varrido(s).
[info] rodando com 3 thread(s). para em 40.0 min.
[progresso] 10/25110 nesta sessão (9391 no total) — estado salvo.
[progresso] 20/25110 nesta sessão (9401 no total) — estado salvo.
[progresso] 30/25110 nesta sessão (9411 no total) — estado salvo.
[progresso] 40/25110 nesta sessão (9421 no total) — estado salvo.
[progresso] 50/25110 nesta sessão (9431 no total) — estado salvo.
[progresso] 60/25110 nesta sessão (9441 no total) — estado salvo.
[progresso] 70/25110 nesta sessão (9451 no total) — estado salvo.
[progresso] 80/25110 nesta sessão (9461 no total) — estado salvo.
[progresso] 90/25110 nesta sessão (9471 no total) — estado salvo.
[progresso] 100/25110 nesta sessão (9481 no total) — estado salvo.
      [APROVADO] score=0.579 (imagem)
[progresso] 110/25110 nesta sessão (9491 no total) — estado salvo.
[progresso] 120/25110 nesta sessão (9501 no total) — estado salvo.
[progresso] 130/25110 nesta sessão (9511 no total) — estado salvo.
[progresso] 140/25110 nesta sessão (9521 no total) — estado salvo.
      [APROVADO] score=0.525 (video)
[progresso] 150/25110 nesta sessão (9531 no total) — estado salvo.
[progresso] 160/25110 nesta sessão (9541 no total) — estado salvo.
[progresso] 170/25110 nesta sessão (9551 no total) — estado salvo.
[progresso] 180/25110 nesta sessão (9561 no total) — estado salvo.
[progresso] 190/25110 nesta sessão (9571 no total) — estado salvo.
[progresso] 200/25110 nesta sessão (9581 no total) — estado salvo.
[progresso] 210/25110 nesta sessão (9591 no total) — estado salvo.
[progresso] 220/25110 nesta sessão (9601 no total) — estado salvo.
[progresso] 230/25110 nesta sessão (9611 no total) — estado salvo.
[progresso] 240/25110 nesta sessão (9621 no total) — estado salvo.
[progresso] 250/25110 nesta sessão (9631 no total) — estado salvo.
[progresso] 260/25110 nesta sessão (9641 no total) — estado salvo.
[progresso] 270/25110 nesta sessão (9651 no total) — estado salvo.
[progresso] 280/25110 nesta sessão (9661 no total) — estado salvo.
[progresso] 290/25110 nesta sessão (9671 no total) — estado salvo.
[progresso] 300/25110 nesta sessão (9681 no total) — estado salvo.
[progresso] 310/25110 nesta sessão (9691 no total) — estado salvo.
[progresso] 320/25110 nesta sessão (9701 no total) — estado salvo.
[progresso] 330/25110 nesta sessão (9711 no total) — estado salvo.
[progresso] 340/25110 nesta sessão (9721 no total) — estado salvo.
[progresso] 350/25110 nesta sessão (9731 no total) — estado salvo.
[progresso] 360/25110 nesta sessão (9741 no total) — estado salvo.
[progresso] 370/25110 nesta sessão (9751 no total) — estado salvo.
[progresso] 380/25110 nesta sessão (9761 no total) — estado salvo.
[progresso] 390/25110 nesta sessão (9771 no total) — estado salvo.
[progresso] 400/25110 nesta sessão (9781 no total) — estado salvo.
[progresso] 410/25110 nesta sessão (9791 no total) — estado salvo.
[progresso] 420/25110 nesta sessão (9801 no total) — estado salvo.
[progresso] 430/25110 nesta sessão (9811 no total) — estado salvo.
[progresso] 440/25110 nesta sessão (9821 no total) — estado salvo.
[progresso] 450/25110 nesta sessão (9831 no total) — estado salvo.
[progresso] 460/25110 nesta sessão (9841 no total) — estado salvo.
[progresso] 470/25110 nesta sessão (9851 no total) — estado salvo.
[progresso] 480/25110 nesta sessão (9861 no total) — estado salvo.
[progresso] 490/25110 nesta sessão (9871 no total) — estado salvo.
[progresso] 500/25110 nesta sessão (9881 no total) — estado salvo.
[progresso] 510/25110 nesta sessão (9891 no total) — estado salvo.
[progresso] 520/25110 nesta sessão (9901 no total) — estado salvo.
[progresso] 530/25110 nesta sessão (9911 no total) — estado salvo.
[progresso] 540/25110 nesta sessão (9921 no total) — estado salvo.
      [APROVADO] score=0.589 (imagem)
      [APROVADO] score=0.566 (video)
[progresso] 550/25110 nesta sessão (9931 no total) — estado salvo.
[progresso] 560/25110 nesta sessão (9941 no total) — estado salvo.
[progresso] 570/25110 nesta sessão (9951 no total) — estado salvo.
[progresso] 580/25110 nesta sessão (9961 no total) — estado salvo.
[progresso] 590/25110 nesta sessão (9971 no total) — estado salvo.
[progresso] 600/25110 nesta sessão (9981 no total) — estado salvo.
[progresso] 610/25110 nesta sessão (9991 no total) — estado salvo.
[progresso] 620/25110 nesta sessão (10001 no total) — estado salvo.
[progresso] 630/25110 nesta sessão (10011 no total) — estado salvo.
[progresso] 640/25110 nesta sessão (10021 no total) — estado salvo.
[progresso] 650/25110 nesta sessão (10031 no total) — estado salvo.
[progresso] 660/25110 nesta sessão (10041 no total) — estado salvo.
[progresso] 670/25110 nesta sessão (10051 no total) — estado salvo.
[progresso] 680/25110 nesta sessão (10061 no total) — estado salvo.
[progresso] 690/25110 nesta sessão (10071 no total) — estado salvo.
[progresso] 700/25110 nesta sessão (10081 no total) — estado salvo.
[progresso] 710/25110 nesta sessão (10091 no total) — estado salvo.
[progresso] 720/25110 nesta sessão (10101 no total) — estado salvo.
[progresso] 730/25110 nesta sessão (10111 no total) — estado salvo.
[progresso] 740/25110 nesta sessão (10121 no total) — estado salvo.
[progresso] 750/25110 nesta sessão (10131 no total) — estado salvo.
[progresso] 760/25110 nesta sessão (10141 no total) — estado salvo.
[progresso] 770/25110 nesta sessão (10151 no total) — estado salvo.
[progresso] 780/25110 nesta sessão (10161 no total) — estado salvo.
[progresso] 790/25110 nesta sessão (10171 no total) — estado salvo.
[progresso] 800/25110 nesta sessão (10181 no total) — estado salvo.
[progresso] 810/25110 nesta sessão (10191 no total) — estado salvo.
[progresso] 820/25110 nesta sessão (10201 no total) — estado salvo.
[progresso] 830/25110 nesta sessão (10211 no total) — estado salvo.
      [APROVADO] score=0.444 (imagem)
[progresso] 840/25110 nesta sessão (10221 no total) — estado salvo.
[progresso] 850/25110 nesta sessão (10231 no total) — estado salvo.
[progresso] 860/25110 nesta sessão (10241 no total) — estado salvo.
[progresso] 870/25110 nesta sessão (10251 no total) — estado salvo.
[progresso] 880/25110 nesta sessão (10261 no total) — estado salvo.
[progresso] 890/25110 nesta sessão (10271 no total) — estado salvo.
      [APROVADO] score=0.599 (video)
      [APROVADO] score=0.599 (video)
[progresso] 900/25110 nesta sessão (10281 no total) — estado salvo.
[progresso] 910/25110 nesta sessão (10291 no total) — estado salvo.

[ok] orçamento de 40.0 min esgotado — rode de novo pra continuar.
[resumo] 149 aprovado(s) no total (113 foto, 36 vídeo) de 34491 na pasta. Relatório em C:\Users\Ramón França\OneDrive\Desktop\Hana Social\Fotos da Hana\01 - brutas (suba aqui)\garimpo\RELATORIO.md
[info] 34512 arquivo(s) na pasta, 24215 ainda não varrido(s).
[info] rodando com 3 thread(s). para em 40.0 min.
[progresso] 10/24215 nesta sessão (10307 no total) — estado salvo.
[progresso] 20/24215 nesta sessão (10317 no total) — estado salvo.
[progresso] 30/24215 nesta sessão (10327 no total) — estado salvo.
[progresso] 40/24215 nesta sessão (10337 no total) — estado salvo.
[progresso] 50/24215 nesta sessão (10347 no total) — estado salvo.
[progresso] 60/24215 nesta sessão (10357 no total) — estado salvo.
[progresso] 70/24215 nesta sessão (10367 no total) — estado salvo.
      [APROVADO] score=0.545 (video)
[progresso] 80/24215 nesta sessão (10377 no total) — estado salvo.
[progresso] 90/24215 nesta sessão (10387 no total) — estado salvo.
[progresso] 100/24215 nesta sessão (10397 no total) — estado salvo.
[progresso] 110/24215 nesta sessão (10407 no total) — estado salvo.
[progresso] 120/24215 nesta sessão (10417 no total) — estado salvo.
[progresso] 130/24215 nesta sessão (10427 no total) — estado salvo.
[progresso] 140/24215 nesta sessão (10437 no total) — estado salvo.
[progresso] 150/24215 nesta sessão (10447 no total) — estado salvo.
[progresso] 160/24215 nesta sessão (10457 no total) — estado salvo.
[progresso] 170/24215 nesta sessão (10467 no total) — estado salvo.
[progresso] 180/24215 nesta sessão (10477 no total) — estado salvo.
[progresso] 190/24215 nesta sessão (10487 no total) — estado salvo.
      [APROVADO] score=0.257 (imagem)
[progresso] 200/24215 nesta sessão (10497 no total) — estado salvo.
[progresso] 210/24215 nesta sessão (10507 no total) — estado salvo.
[progresso] 220/24215 nesta sessão (10517 no total) — estado salvo.
[progresso] 230/24215 nesta sessão (10527 no total) — estado salvo.
[progresso] 240/24215 nesta sessão (10537 no total) — estado salvo.
[progresso] 250/24215 nesta sessão (10547 no total) — estado salvo.
[progresso] 260/24215 nesta sessão (10557 no total) — estado salvo.
[progresso] 270/24215 nesta sessão (10567 no total) — estado salvo.
[progresso] 280/24215 nesta sessão (10577 no total) — estado salvo.
[progresso] 290/24215 nesta sessão (10587 no total) — estado salvo.
[progresso] 300/24215 nesta sessão (10597 no total) — estado salvo.
[progresso] 310/24215 nesta sessão (10607 no total) — estado salvo.
[progresso] 320/24215 nesta sessão (10617 no total) — estado salvo.
[progresso] 330/24215 nesta sessão (10627 no total) — estado salvo.
[progresso] 340/24215 nesta sessão (10637 no total) — estado salvo.
[progresso] 350/24215 nesta sessão (10647 no total) — estado salvo.
[progresso] 360/24215 nesta sessão (10657 no total) — estado salvo.
[progresso] 370/24215 nesta sessão (10667 no total) — estado salvo.
[progresso] 380/24215 nesta sessão (10677 no total) — estado salvo.
[progresso] 390/24215 nesta sessão (10687 no total) — estado salvo.
[progresso] 400/24215 nesta sessão (10697 no total) — estado salvo.
[progresso] 410/24215 nesta sessão (10707 no total) — estado salvo.
[progresso] 420/24215 nesta sessão (10717 no total) — estado salvo.
[progresso] 430/24215 nesta sessão (10727 no total) — estado salvo.
[progresso] 440/24215 nesta sessão (10737 no total) — estado salvo.
[progresso] 450/24215 nesta sessão (10747 no total) — estado salvo.
[progresso] 460/24215 nesta sessão (10757 no total) — estado salvo.
[progresso] 470/24215 nesta sessão (10767 no total) — estado salvo.
[progresso] 480/24215 nesta sessão (10777 no total) — estado salvo.
[progresso] 490/24215 nesta sessão (10787 no total) — estado salvo.
      [APROVADO] score=0.408 (imagem)
[progresso] 500/24215 nesta sessão (10797 no total) — estado salvo.
[progresso] 510/24215 nesta sessão (10807 no total) — estado salvo.
[progresso] 520/24215 nesta sessão (10817 no total) — estado salvo.
[progresso] 530/24215 nesta sessão (10827 no total) — estado salvo.
[progresso] 540/24215 nesta sessão (10837 no total) — estado salvo.
[progresso] 550/24215 nesta sessão (10847 no total) — estado salvo.
[progresso] 560/24215 nesta sessão (10857 no total) — estado salvo.
[progresso] 570/24215 nesta sessão (10867 no total) — estado salvo.
[progresso] 580/24215 nesta sessão (10877 no total) — estado salvo.
[progresso] 590/24215 nesta sessão (10887 no total) — estado salvo.
[progresso] 600/24215 nesta sessão (10897 no total) — estado salvo.
[progresso] 610/24215 nesta sessão (10907 no total) — estado salvo.
      [APROVADO] score=0.548 (imagem)
[progresso] 620/24215 nesta sessão (10917 no total) — estado salvo.
[progresso] 630/24215 nesta sessão (10927 no total) — estado salvo.
[progresso] 640/24215 nesta sessão (10937 no total) — estado salvo.
[progresso] 650/24215 nesta sessão (10947 no total) — estado salvo.
[progresso] 660/24215 nesta sessão (10957 no total) — estado salvo.
[progresso] 670/24215 nesta sessão (10967 no total) — estado salvo.
[progresso] 680/24215 nesta sessão (10977 no total) — estado salvo.
[progresso] 690/24215 nesta sessão (10987 no total) — estado salvo.
[progresso] 700/24215 nesta sessão (10997 no total) — estado salvo.
[progresso] 710/24215 nesta sessão (11007 no total) — estado salvo.
[progresso] 720/24215 nesta sessão (11017 no total) — estado salvo.
[progresso] 730/24215 nesta sessão (11027 no total) — estado salvo.
      [APROVADO] score=0.343 (imagem)
[progresso] 740/24215 nesta sessão (11037 no total) — estado salvo.
[progresso] 750/24215 nesta sessão (11047 no total) — estado salvo.
      [APROVADO] score=0.558 (imagem)
[progresso] 760/24215 nesta sessão (11057 no total) — estado salvo.
      [APROVADO] score=0.701 (imagem)
[progresso] 770/24215 nesta sessão (11067 no total) — estado salvo.
[progresso] 780/24215 nesta sessão (11077 no total) — estado salvo.
[progresso] 790/24215 nesta sessão (11087 no total) — estado salvo.
[progresso] 800/24215 nesta sessão (11097 no total) — estado salvo.
[progresso] 810/24215 nesta sessão (11107 no total) — estado salvo.
      [APROVADO] score=0.507 (imagem)
[progresso] 820/24215 nesta sessão (11117 no total) — estado salvo.
[progresso] 830/24215 nesta sessão (11127 no total) — estado salvo.
[progresso] 840/24215 nesta sessão (11137 no total) — estado salvo.
[progresso] 850/24215 nesta sessão (11147 no total) — estado salvo.
[progresso] 860/24215 nesta sessão (11157 no total) — estado salvo.
[progresso] 870/24215 nesta sessão (11167 no total) — estado salvo.
      [APROVADO] score=0.346 (imagem)
[progresso] 880/24215 nesta sessão (11177 no total) — estado salvo.
[progresso] 890/24215 nesta sessão (11187 no total) — estado salvo.
[progresso] 900/24215 nesta sessão (11197 no total) — estado salvo.
[progresso] 910/24215 nesta sessão (11207 no total) — estado salvo.
[progresso] 920/24215 nesta sessão (11217 no total) — estado salvo.
[progresso] 930/24215 nesta sessão (11227 no total) — estado salvo.
[progresso] 940/24215 nesta sessão (11237 no total) — estado salvo.
[progresso] 950/24215 nesta sessão (11247 no total) — estado salvo.

[ok] orçamento de 40.0 min esgotado — rode de novo pra continuar.
[resumo] 158 aprovado(s) no total (121 foto, 37 vídeo) de 34512 na pasta. Relatório em C:\Users\Ramón França\OneDrive\Desktop\Hana Social\Fotos da Hana\01 - brutas (suba aqui)\garimpo\RELATORIO.md
[info] 34531 arquivo(s) na pasta, 23283 ainda não varrido(s).
[info] rodando com 3 thread(s). para em 40.0 min.
[progresso] 10/23283 nesta sessão (11258 no total) — estado salvo.
[progresso] 20/23283 nesta sessão (11268 no total) — estado salvo.
[progresso] 30/23283 nesta sessão (11278 no total) — estado salvo.
[progresso] 40/23283 nesta sessão (11288 no total) — estado salvo.
[progresso] 50/23283 nesta sessão (11298 no total) — estado salvo.
[progresso] 60/23283 nesta sessão (11308 no total) — estado salvo.
[progresso] 70/23283 nesta sessão (11318 no total) — estado salvo.
[progresso] 80/23283 nesta sessão (11328 no total) — estado salvo.
[progresso] 90/23283 nesta sessão (11338 no total) — estado salvo.
[progresso] 100/23283 nesta sessão (11348 no total) — estado salvo.
[progresso] 110/23283 nesta sessão (11358 no total) — estado salvo.
[progresso] 120/23283 nesta sessão (11368 no total) — estado salvo.
[progresso] 130/23283 nesta sessão (11378 no total) — estado salvo.
[progresso] 140/23283 nesta sessão (11388 no total) — estado salvo.
[progresso] 150/23283 nesta sessão (11398 no total) — estado salvo.
[progresso] 160/23283 nesta sessão (11408 no total) — estado salvo.
[progresso] 170/23283 nesta sessão (11418 no total) — estado salvo.
[progresso] 180/23283 nesta sessão (11428 no total) — estado salvo.
[progresso] 190/23283 nesta sessão (11438 no total) — estado salvo.
[progresso] 200/23283 nesta sessão (11448 no total) — estado salvo.
[progresso] 210/23283 nesta sessão (11458 no total) — estado salvo.
[progresso] 220/23283 nesta sessão (11468 no total) — estado salvo.
[progresso] 230/23283 nesta sessão (11478 no total) — estado salvo.
      [APROVADO] score=0.623 (imagem)
[progresso] 240/23283 nesta sessão (11488 no total) — estado salvo.
[progresso] 250/23283 nesta sessão (11498 no total) — estado salvo.
[progresso] 260/23283 nesta sessão (11508 no total) — estado salvo.
[progresso] 270/23283 nesta sessão (11518 no total) — estado salvo.
[progresso] 280/23283 nesta sessão (11528 no total) — estado salvo.
[progresso] 290/23283 nesta sessão (11538 no total) — estado salvo.
[progresso] 300/23283 nesta sessão (11548 no total) — estado salvo.
[progresso] 310/23283 nesta sessão (11558 no total) — estado salvo.
      [APROVADO] score=0.524 (imagem)
[progresso] 320/23283 nesta sessão (11568 no total) — estado salvo.
      [APROVADO] score=0.478 (video)
[progresso] 330/23283 nesta sessão (11578 no total) — estado salvo.
[progresso] 340/23283 nesta sessão (11588 no total) — estado salvo.
[progresso] 350/23283 nesta sessão (11598 no total) — estado salvo.
[progresso] 360/23283 nesta sessão (11608 no total) — estado salvo.
[progresso] 370/23283 nesta sessão (11618 no total) — estado salvo.
[progresso] 380/23283 nesta sessão (11628 no total) — estado salvo.
      [APROVADO] score=0.416 (imagem)
[progresso] 390/23283 nesta sessão (11638 no total) — estado salvo.
[progresso] 400/23283 nesta sessão (11648 no total) — estado salvo.
[progresso] 410/23283 nesta sessão (11658 no total) — estado salvo.
[progresso] 420/23283 nesta sessão (11668 no total) — estado salvo.
      [APROVADO] score=0.657 (imagem)
[progresso] 430/23283 nesta sessão (11678 no total) — estado salvo.
      [APROVADO] score=0.502 (imagem)
[progresso] 440/23283 nesta sessão (11688 no total) — estado salvo.
[progresso] 450/23283 nesta sessão (11698 no total) — estado salvo.
[progresso] 460/23283 nesta sessão (11708 no total) — estado salvo.
[progresso] 470/23283 nesta sessão (11718 no total) — estado salvo.
[progresso] 480/23283 nesta sessão (11728 no total) — estado salvo.
[progresso] 490/23283 nesta sessão (11738 no total) — estado salvo.
[progresso] 500/23283 nesta sessão (11748 no total) — estado salvo.
      [APROVADO] score=0.426 (imagem)
[progresso] 510/23283 nesta sessão (11758 no total) — estado salvo.
[progresso] 520/23283 nesta sessão (11768 no total) — estado salvo.
[progresso] 530/23283 nesta sessão (11778 no total) — estado salvo.
[progresso] 540/23283 nesta sessão (11788 no total) — estado salvo.
[progresso] 550/23283 nesta sessão (11798 no total) — estado salvo.
[progresso] 560/23283 nesta sessão (11808 no total) — estado salvo.
      [APROVADO] score=0.503 (imagem)
      [APROVADO] score=0.507 (imagem)
[progresso] 570/23283 nesta sessão (11818 no total) — estado salvo.
[progresso] 580/23283 nesta sessão (11828 no total) — estado salvo.
[progresso] 590/23283 nesta sessão (11838 no total) — estado salvo.
[progresso] 600/23283 nesta sessão (11848 no total) — estado salvo.
[progresso] 610/23283 nesta sessão (11858 no total) — estado salvo.
      [APROVADO] score=0.571 (imagem)
[progresso] 620/23283 nesta sessão (11868 no total) — estado salvo.
[progresso] 630/23283 nesta sessão (11878 no total) — estado salvo.
[progresso] 640/23283 nesta sessão (11888 no total) — estado salvo.
[progresso] 650/23283 nesta sessão (11898 no total) — estado salvo.
[progresso] 660/23283 nesta sessão (11908 no total) — estado salvo.
      [APROVADO] score=0.426 (video)
      [APROVADO] score=0.592 (imagem)
[progresso] 670/23283 nesta sessão (11918 no total) — estado salvo.
[progresso] 680/23283 nesta sessão (11928 no total) — estado salvo.
[progresso] 690/23283 nesta sessão (11938 no total) — estado salvo.
[progresso] 700/23283 nesta sessão (11948 no total) — estado salvo.
[progresso] 710/23283 nesta sessão (11958 no total) — estado salvo.
[progresso] 720/23283 nesta sessão (11968 no total) — estado salvo.
      [APROVADO] score=0.270 (imagem)
      [APROVADO] score=0.678 (imagem)
[progresso] 730/23283 nesta sessão (11978 no total) — estado salvo.
[progresso] 740/23283 nesta sessão (11988 no total) — estado salvo.
[progresso] 750/23283 nesta sessão (11998 no total) — estado salvo.
[progresso] 760/23283 nesta sessão (12008 no total) — estado salvo.
[progresso] 770/23283 nesta sessão (12018 no total) — estado salvo.
[progresso] 780/23283 nesta sessão (12028 no total) — estado salvo.
[progresso] 790/23283 nesta sessão (12038 no total) — estado salvo.
[progresso] 800/23283 nesta sessão (12048 no total) — estado salvo.
[progresso] 810/23283 nesta sessão (12058 no total) — estado salvo.
[progresso] 820/23283 nesta sessão (12068 no total) — estado salvo.
[progresso] 830/23283 nesta sessão (12078 no total) — estado salvo.
[progresso] 840/23283 nesta sessão (12088 no total) — estado salvo.
[progresso] 850/23283 nesta sessão (12098 no total) — estado salvo.
[progresso] 860/23283 nesta sessão (12108 no total) — estado salvo.
      [APROVADO] score=0.496 (imagem)
[progresso] 870/23283 nesta sessão (12118 no total) — estado salvo.
[progresso] 880/23283 nesta sessão (12128 no total) — estado salvo.
[progresso] 890/23283 nesta sessão (12138 no total) — estado salvo.
[progresso] 900/23283 nesta sessão (12148 no total) — estado salvo.
[progresso] 910/23283 nesta sessão (12158 no total) — estado salvo.
      [APROVADO] score=0.562 (imagem)
[progresso] 920/23283 nesta sessão (12168 no total) — estado salvo.
[progresso] 930/23283 nesta sessão (12178 no total) — estado salvo.
[progresso] 940/23283 nesta sessão (12188 no total) — estado salvo.
[progresso] 950/23283 nesta sessão (12198 no total) — estado salvo.
[progresso] 960/23283 nesta sessão (12208 no total) — estado salvo.
[progresso] 970/23283 nesta sessão (12218 no total) — estado salvo.
[progresso] 980/23283 nesta sessão (12228 no total) — estado salvo.
[progresso] 990/23283 nesta sessão (12238 no total) — estado salvo.
[progresso] 1000/23283 nesta sessão (12248 no total) — estado salvo.
[progresso] 1010/23283 nesta sessão (12258 no total) — estado salvo.
[progresso] 1020/23283 nesta sessão (12268 no total) — estado salvo.
[progresso] 1030/23283 nesta sessão (12278 no total) — estado salvo.
[progresso] 1040/23283 nesta sessão (12288 no total) — estado salvo.
[progresso] 1050/23283 nesta sessão (12298 no total) — estado salvo.
[progresso] 1060/23283 nesta sessão (12308 no total) — estado salvo.
[progresso] 1070/23283 nesta sessão (12318 no total) — estado salvo.
[progresso] 1080/23283 nesta sessão (12328 no total) — estado salvo.
[progresso] 1090/23283 nesta sessão (12338 no total) — estado salvo.
[progresso] 1100/23283 nesta sessão (12348 no total) — estado salvo.
[progresso] 1110/23283 nesta sessão (12358 no total) — estado salvo.

[ok] orçamento de 40.0 min esgotado — rode de novo pra continuar.
[resumo] 174 aprovado(s) no total (135 foto, 39 vídeo) de 34531 na pasta. Relatório em C:\Users\Ramón França\OneDrive\Desktop\Hana Social\Fotos da Hana\01 - brutas (suba aqui)\garimpo\RELATORIO.md
